CLIENT  STATE           LAST SEEN             SESSIONS  CALLS 24H  CONFIG PATH           CREDENTIAL  PROFILE   MODE    SOURCE  BLOCKED 24H
Cursor  connected_seen  2026-09-25T06:10:00Z  1         38         ~/.cursor/mcp.json    client      work-ro2  locked  pin     3
Codex   not_connected   Never                 0         0          ~/.codex/config.toml  none        -         -       -       0
