#  KIND                               SUBJECT            SUMMARY                                                                                 FIX
1  anonymous_denied_by_binding_guard  Anonymous callers  Anonymous callers are denied: client bindings could be bypassed without authentication  Require authentication…
2  client_holds_admin_key             Cursor             Cursor: holds the admin API key                                                         Upgrade…
